// Jest Snapshot v1, https://goo.gl/fbAQLP

exports[`renders homepage unchanged 1`] = `
<div>
  <div
    class="px-8 py-8 flex flex-col min-h-screen lightText"
  >
    <main
      class="flex flex-grow flex-col justify-between content"
    >
      <div
        class="flex justify-center"
      >
        <div
          class="flex flex-row flex-grow justify-between"
        >
          <div>
            <p>
              50
               minutes of 
              focus
            </p>
          </div>
          <div>
            <h1>
              Ambient Pomodoro
            </h1>
          </div>
        </div>
      </div>
      <div
        class="flex justify-center"
      >
        <div
          class="space-x-4"
        >
          <button
            aria-label="Fifty minute focus"
            class="btnTransparent btn"
          >
            50
          </button>
          <button
            aria-label="twenty five minute focus"
            class="btnTransparent btn"
          >
            25
          </button>
        </div>
      </div>
      <div
        class="flex justify-center"
      >
        <button
          aria-label="start focus"
          class="btnTransparent btn"
        >
          Start
        </button>
      </div>
    </main>
    <footer
      class="content pt-8 grid justify-items-end"
    >
      <div>
        <p
          class="text-xs"
        >
          Photo by 
          <a
            href=""
          >
            Jeremy Bishop
          </a>
           via 
          <a
            href="https://unsplash.com/@jeremybishop?utm_source=unsplash&utm_medium=referral&utm_content=creditCopyText"
          >
            Unsplash
          </a>
        </p>
      </div>
    </footer>
    <span
      style="box-sizing: border-box; display: block; overflow: hidden; background: none; opacity: 1; border: 0px; margin: 0px; padding: 0px; position: absolute; top: 0px; left: 0px; bottom: 0px; right: 0px;"
    >
      <img
        alt="water at sunset by Jeremy Bishop"
        class="backgroundImage"
        data-nimg="fill"
        decoding="async"
        src="data:image/gif;base64,R0lGODlhAQABAIAAAAAAAP///yH5BAEAAAAALAAAAAABAAEAAAIBRAA7"
        style="position: absolute; top: 0px; left: 0px; bottom: 0px; right: 0px; box-sizing: border-box; padding: 0px; margin: auto; display: block; width: 0px; height: 0px; min-width: 100%; max-width: 100%; min-height: 100%; max-height: 100%; object-fit: cover; object-position: center;"
      />
      <noscript />
    </span>
  </div>
</div>
`;
